{
  "firstParam": false,
  "secondParam": false,
  "thirdParam": true
}