[
  {
    "left": "firstParam",
    "right": null
  },
  {
    "left": "secondParam",
    "right": 112
  },
  {
    "left": "thirdParam",
    "right": 0
  },
  {
    "left": "fourthParam",
    "right": -112
  }
]