[
  {
    "left": "firstBool",
    "right": false
  },
  {
    "left": "secondBool",
    "right": true
  },
  {
    "left": "singleString"
  }
]