[
  {
    "left": "firstParam",
    "right": "dsads"
  },
  {
    "left": "secondParam",
    "right": "null"
  }
]