[
  {
    "left": "firstFile"
  },
  {
    "left": "secondFile.path",
    "right": "a"
  },
  {
    "left": "thirdFile.path",
    "right": "b"
  }
]