[
  {
    "left": "firstParam.firstParam"
  },
  {
    "left": "firstParam.secondParam",
    "right": "112"
  },
  {
    "left": "firstParam.thirdParam",
    "right": "0"
  },
  {
    "left": "firstParam.fourthParam",
    "right": "-112"
  },
  {
    "left": "secondParam.firstParam",
    "right": "1"
  },
  {
    "left": "secondParam.secondParam",
    "right": "2"
  },
  {
    "left": "secondParam.thirdParam",
    "right": "3"
  },
  {
    "left": "secondParam.fourthParam",
    "right": "42"
  }
]